// Jest Snapshot v1, https://goo.gl/fbAQLP

exports[`Counter component Should be match with the snapshot 1`] = `
<h2>Counter</h2>
<p>100 <sup>2</sup> = 10000</p>
<p data-testid="counter">100</p>
<div class="btn-container"><button> + </button><button> - </button></div>
`;
